// Vitest Snapshot v1, https://vitest.dev/guide/snapshot.html

exports[`loads and displays data with charts and toggles view 1`] = `
<DocumentFragment>
  <div>
    <nav>
      <a
        href="#ticker-table"
      >
        Table
      </a>
      <a
        href="#price-chart"
      >
        Price Chart
      </a>
      <a
        href="#risk-return"
      >
        Risk/Return
      </a>
    </nav>
    <h1>
      Pension Risk Management
    </h1>
    <input
      placeholder="Enter comma-separated tickers"
      type="text"
      value="AAPL"
    />
    <button>
      Load
    </button>
    <button>
      View: relative
    </button>
    <table
      id="ticker-table"
    >
      <thead>
        <tr>
          <th>
            Ticker
          </th>
          <th>
            Latest Close
          </th>
        </tr>
      </thead>
      <tbody>
        <tr>
          <td>
            AAPL
          </td>
          <td>
            100
          </td>
        </tr>
      </tbody>
    </table>
    <table>
      <thead>
        <tr>
          <th>
            Ticker
          </th>
          <th>
            Latest Close
          </th>
        </tr>
      </thead>
      <tbody>
        <tr>
          <td>
            AAPL
          </td>
          <td>
            1.00
          </td>
        </tr>
      </tbody>
    </table>
    <div
      id="price-chart"
      style="max-width: 600px;"
    >
      <div
        data-testid="line-chart"
      />
    </div>
    <div
      id="risk-return"
      style="max-width: 600px; margin-top: 20px;"
    >
      <div
        data-testid="scatter-chart"
      />
    </div>
  </div>
</DocumentFragment>
`;
